Archive member included to satisfy reference by file (symbol)

c:/ac6/systemworkbench/plugins/fr.ac6.mcu.externaltools.arm-none.win32_1.16.0.201807130628/tools/compiler/bin/../lib/gcc/arm-none-eabi/7.2.1/thumb/v7-m\libgcc.a(_arm_addsubdf3.o)
                              Src/main.o (__aeabi_i2d)
c:/ac6/systemworkbench/plugins/fr.ac6.mcu.externaltools.arm-none.win32_1.16.0.201807130628/tools/compiler/bin/../lib/gcc/arm-none-eabi/7.2.1/thumb/v7-m\libgcc.a(_arm_muldivdf3.o)
                              Src/main.o (__aeabi_dmul)
c:/ac6/systemworkbench/plugins/fr.ac6.mcu.externaltools.arm-none.win32_1.16.0.201807130628/tools/compiler/bin/../lib/gcc/arm-none-eabi/7.2.1/thumb/v7-m\libgcc.a(_arm_truncdfsf2.o)
                              Src/main.o (__aeabi_d2f)
c:/ac6/systemworkbench/plugins/fr.ac6.mcu.externaltools.arm-none.win32_1.16.0.201807130628/tools/compiler/bin/../lib/gcc/arm-none-eabi/7.2.1/thumb/v7-m\libgcc.a(_arm_addsubsf3.o)
                              Src/sd_hal_mpu6050.o (__aeabi_fadd)
c:/ac6/systemworkbench/plugins/fr.ac6.mcu.externaltools.arm-none.win32_1.16.0.201807130628/tools/compiler/bin/../lib/gcc/arm-none-eabi/7.2.1/thumb/v7-m\libgcc.a(_arm_muldivsf3.o)
                              Src/sd_hal_mpu6050.o (__aeabi_fdiv)
c:/ac6/systemworkbench/plugins/fr.ac6.mcu.externaltools.arm-none.win32_1.16.0.201807130628/tools/compiler/bin/../lib/gcc/arm-none-eabi/7.2.1/../../../../arm-none-eabi/lib/thumb/v7-m\libc_nano.a(lib_a-exit.o)
                              c:/ac6/systemworkbench/plugins/fr.ac6.mcu.externaltools.arm-none.win32_1.16.0.201807130628/tools/compiler/bin/../lib/gcc/arm-none-eabi/7.2.1/../../../../arm-none-eabi/lib/thumb/v7-m/crt0.o (exit)
c:/ac6/systemworkbench/plugins/fr.ac6.mcu.externaltools.arm-none.win32_1.16.0.201807130628/tools/compiler/bin/../lib/gcc/arm-none-eabi/7.2.1/../../../../arm-none-eabi/lib/thumb/v7-m\libc_nano.a(lib_a-impure.o)
                              c:/ac6/systemworkbench/plugins/fr.ac6.mcu.externaltools.arm-none.win32_1.16.0.201807130628/tools/compiler/bin/../lib/gcc/arm-none-eabi/7.2.1/../../../../arm-none-eabi/lib/thumb/v7-m\libc_nano.a(lib_a-exit.o) (_global_impure_ptr)
c:/ac6/systemworkbench/plugins/fr.ac6.mcu.externaltools.arm-none.win32_1.16.0.201807130628/tools/compiler/bin/../lib/gcc/arm-none-eabi/7.2.1/../../../../arm-none-eabi/lib/thumb/v7-m\libc_nano.a(lib_a-init.o)
                              c:/ac6/systemworkbench/plugins/fr.ac6.mcu.externaltools.arm-none.win32_1.16.0.201807130628/tools/compiler/bin/../lib/gcc/arm-none-eabi/7.2.1/../../../../arm-none-eabi/lib/thumb/v7-m/crt0.o (__libc_init_array)
c:/ac6/systemworkbench/plugins/fr.ac6.mcu.externaltools.arm-none.win32_1.16.0.201807130628/tools/compiler/bin/../lib/gcc/arm-none-eabi/7.2.1/../../../../arm-none-eabi/lib/thumb/v7-m\libc_nano.a(lib_a-memset.o)
                              c:/ac6/systemworkbench/plugins/fr.ac6.mcu.externaltools.arm-none.win32_1.16.0.201807130628/tools/compiler/bin/../lib/gcc/arm-none-eabi/7.2.1/../../../../arm-none-eabi/lib/thumb/v7-m/crt0.o (memset)
c:/ac6/systemworkbench/plugins/fr.ac6.mcu.externaltools.arm-none.win32_1.16.0.201807130628/tools/compiler/bin/../lib/gcc/arm-none-eabi/7.2.1/../../../../arm-none-eabi/lib/thumb/v7-m\libnosys.a(_exit.o)
                              c:/ac6/systemworkbench/plugins/fr.ac6.mcu.externaltools.arm-none.win32_1.16.0.201807130628/tools/compiler/bin/../lib/gcc/arm-none-eabi/7.2.1/../../../../arm-none-eabi/lib/thumb/v7-m\libc_nano.a(lib_a-exit.o) (_exit)

Allocating common symbols
Common symbol       size              file

buff3               0xf               Src/main.o
OILP                0x2               Src/main.o
BAT                 0x2               Src/main.o
a_y                 0x2               Src/main.o
g_x                 0x2               Src/main.o
htim4               0x40              Src/main.o
tx_buffer4          0x64              Src/main.o
MAP                 0x4               Src/main.o
buff4               0x1e              Src/main.o
hi2c2               0x54              Src/main.o
TPS                 0x2               Src/main.o
a_x                 0x2               Src/main.o
payloadData         0x50              Src/main.o
hcan                0x44              Src/main.o
buff1               0xf               Src/main.o
uwTick              0x4               Drivers/STM32F1xx_HAL_Driver/Src/stm32f1xx_hal.o
payloadLength       0x2               Src/main.o
pFlash              0x20              Drivers/STM32F1xx_HAL_Driver/Src/stm32f1xx_hal_flash.o
TxTemp              0x1c              Src/main.o
htim3               0x40              Src/main.o
g_z                 0x2               Src/main.o
datafieldID         0x1               Src/main.o
a_z                 0x2               Src/main.o
hdma_usart1_tx      0x44              Src/main.o
tx_buffer           0x64              Src/main.o
hadc1               0x30              Src/main.o
adc1                0x1c              Src/main.o
[...]
Memory Configuration

Name             Origin             Length             Attributes
RAM              0x20000000         0x00005000         xrw
FLASH            0x08000000         0x00010000         xr
*default*        0x00000000         0xffffffff

Linker script and memory map

LOAD c:/ac6/systemworkbench/plugins/fr.ac6.mcu.externaltools.arm-none.win32_1.16.0.201807130628/tools/compiler/bin/../lib/gcc/arm-none-eabi/7.2.1/thumb/v7-m/crti.o
LOAD c:/ac6/systemworkbench/plugins/fr.ac6.mcu.externaltools.arm-none.win32_1.16.0.201807130628/tools/compiler/bin/../lib/gcc/arm-none-eabi/7.2.1/thumb/v7-m/crtbegin.o
LOAD c:/ac6/systemworkbench/plugins/fr.ac6.mcu.externaltools.arm-none.win32_1.16.0.201807130628/tools/compiler/bin/../lib/gcc/arm-none-eabi/7.2.1/../../../../arm-none-eabi/lib/thumb/v7-m/crt0.o
LOAD Drivers/STM32F1xx_HAL_Driver/Src/stm32f1xx_hal.o
LOAD Drivers/STM32F1xx_HAL_Driver/Src/stm32f1xx_hal_adc.o
LOAD Drivers/STM32F1xx_HAL_Driver/Src/stm32f1xx_hal_adc_ex.o
LOAD Drivers/STM32F1xx_HAL_Driver/Src/stm32f1xx_hal_can.o
LOAD Drivers/STM32F1xx_HAL_Driver/Src/stm32f1xx_hal_cortex.o
LOAD Drivers/STM32F1xx_HAL_Driver/Src/stm32f1xx_hal_dma.o
LOAD Drivers/STM32F1xx_HAL_Driver/Src/stm32f1xx_hal_flash.o
LOAD Drivers/STM32F1xx_HAL_Driver/Src/stm32f1xx_hal_flash_ex.o
LOAD Drivers/STM32F1xx_HAL_Driver/Src/stm32f1xx_hal_gpio.o
LOAD Drivers/STM32F1xx_HAL_Driver/Src/stm32f1xx_hal_gpio_ex.o
LOAD Drivers/STM32F1xx_HAL_Driver/Src/stm32f1xx_hal_i2c.o
LOAD Drivers/STM32F1xx_HAL_Driver/Src/stm32f1xx_hal_pwr.o
LOAD Drivers/STM32F1xx_HAL_Driver/Src/stm32f1xx_hal_rcc.o
LOAD Drivers/STM32F1xx_HAL_Driver/Src/stm32f1xx_hal_rcc_ex.o
LOAD Drivers/STM32F1xx_HAL_Driver/Src/stm32f1xx_hal_tim.o
LOAD Drivers/STM32F1xx_HAL_Driver/Src/stm32f1xx_hal_tim_ex.o
LOAD Drivers/STM32F1xx_HAL_Driver/Src/stm32f1xx_hal_uart.o
LOAD Src/main.o
LOAD Src/sd_hal_mpu6050.o
LOAD Src/stm32f1xx_hal_msp.o
LOAD Src/stm32f1xx_it.o
LOAD Src/system_stm32f1xx.o
LOAD startup/startup_stm32f103xb.o
LOAD c:/ac6/systemworkbench/plugins/fr.ac6.mcu.externaltools.arm-none.win32_1.16.0.201807130628/tools/compiler/bin/../lib/gcc/arm-none-eabi/7.2.1/../../../../arm-none-eabi/lib/thumb/v7-m\libm.a
START GROUP
LOAD c:/ac6/systemworkbench/plugins/fr.ac6.mcu.externaltools.arm-none.win32_1.16.0.201807130628/tools/compiler/bin/../lib/gcc/arm-none-eabi/7.2.1/thumb/v7-m\libgcc.a
LOAD c:/ac6/systemworkbench/plugins/fr.ac6.mcu.externaltools.arm-none.win32_1.16.0.201807130628/tools/compiler/bin/../lib/gcc/arm-none-eabi/7.2.1/../../../../arm-none-eabi/lib/thumb/v7-m\libc_nano.a
END GROUP
START GROUP
LOAD c:/ac6/systemworkbench/plugins/fr.ac6.mcu.externaltools.arm-none.win32_1.16.0.201807130628/tools/compiler/bin/../lib/gcc/arm-none-eabi/7.2.1/thumb/v7-m\libgcc.a
LOAD c:/ac6/systemworkbench/plugins/fr.ac6.mcu.externaltools.arm-none.win32_1.16.0.201807130628/tools/compiler/bin/../lib/gcc/arm-none-eabi/7.2.1/../../../../arm-none-eabi/lib/thumb/v7-m\libc_nano.a
LOAD c:/ac6/systemworkbench/plugins/fr.ac6.mcu.externaltools.arm-none.win32_1.16.0.201807130628/tools/compiler/bin/../lib/gcc/arm-none-eabi/7.2.1/../../../../arm-none-eabi/lib/thumb/v7-m\libnosys.a
END GROUP
START GROUP
LOAD c:/ac6/systemworkbench/plugins/fr.ac6.mcu.externaltools.arm-none.win32_1.16.0.201807130628/tools/compiler/bin/../lib/gcc/arm-none-eabi/7.2.1/thumb/v7-m\libgcc.a
LOAD c:/ac6/systemworkbench/plugins/fr.ac6.mcu.externaltools.arm-none.win32_1.16.0.201807130628/tools/compiler/bin/../lib/gcc/arm-none-eabi/7.2.1/../../../../arm-none-eabi/lib/thumb/v7-m\libc_nano.a
LOAD c:/ac6/systemworkbench/plugins/fr.ac6.mcu.externaltools.arm-none.win32_1.16.0.201807130628/tools/compiler/bin/../lib/gcc/arm-none-eabi/7.2.1/../../../../arm-none-eabi/lib/thumb/v7-m\libnosys.a
END GROUP
LOAD c:/ac6/systemworkbench/plugins/fr.ac6.mcu.externaltools.arm-none.win32_1.16.0.201807130628/tools/compiler/bin/../lib/gcc/arm-none-eabi/7.2.1/thumb/v7-m/crtend.o
LOAD c:/ac6/systemworkbench/plugins/fr.ac6.mcu.externaltools.arm-none.win32_1.16.0.201807130628/tools/compiler/bin/../lib/gcc/arm-none-eabi/7.2.1/thumb/v7-m/crtn.o
                0x20005000                _estack = 0x20005000
                0x00000200                _Min_Heap_Size = 0x200
                0x00000400                _Min_Stack_Size = 0x400

.isr_vector     0x08000000      0x10c
                0x08000000                . = ALIGN (0x4)
 *(.isr_vector)
 .isr_vector    0x08000000      0x10c startup/startup_stm32f103xb.o
                0x08000000                g_pfnVectors
                0x0800010c                . = ALIGN (0x4)

.text           0x08000110     0x4c18
                0x08000110                . = ALIGN (0x4)
 *(.text)
 .text          0x08000110       0x40 c:/ac6/systemworkbench/plugins/fr.ac6.mcu.externaltools.arm-none.win32_1.16.0.201807130628/tools/compiler/bin/../lib/gcc/arm-none-eabi/7.2.1/thumb/v7-m/crtbegin.o
 .text          0x08000150      0x378 c:/ac6/systemworkbench/plugins/fr.ac6.mcu.externaltools.arm-none.win32_1.16.0.201807130628/tools/compiler/bin/../lib/gcc/arm-none-eabi/7.2.1/thumb/v7-m\libgcc.a(_arm_addsubdf3.o)
                0x08000150                __aeabi_drsub
                0x08000158                __aeabi_dsub
                0x08000158                __subdf3
                0x0800015c                __aeabi_dadd
                0x0800015c                __adddf3
                0x080003d4                __floatunsidf
                0x080003d4                __aeabi_ui2d
                0x080003f4                __floatsidf
                0x080003f4                __aeabi_i2d
                0x08000418                __aeabi_f2d
                0x08000418                __extendsfdf2
                0x0800045c                __floatundidf
                0x0800045c                __aeabi_ul2d
                0x0800046c                __floatdidf
                0x0800046c                __aeabi_l2d
 .text          0x080004c8      0x424 c:/ac6/systemworkbench/plugins/fr.ac6.mcu.externaltools.arm-none.win32_1.16.0.201807130628/tools/compiler/bin/../lib/gcc/arm-none-eabi/7.2.1/thumb/v7-m\libgcc.a(_arm_muldivdf3.o)
                0x080004c8                __aeabi_dmul
                0x080004c8                __muldf3
                0x0800071c                __divdf3
                0x0800071c                __aeabi_ddiv
 .text          0x080008ec       0xa0 c:/ac6/systemworkbench/plugins/fr.ac6.mcu.externaltools.arm-none.win32_1.16.0.201807130628/tools/compiler/bin/../lib/gcc/arm-none-eabi/7.2.1/thumb/v7-m\libgcc.a(_arm_truncdfsf2.o)
                0x080008ec                __truncdfsf2
                0x080008ec                __aeabi_d2f
 *(.text*)
 .text.HAL_InitTick
                0x0800098c       0x48 Drivers/STM32F1xx_HAL_Driver/Src/stm32f1xx_hal.o
                0x0800098c                HAL_InitTick
 .text.HAL_Init
                0x080009d4       0x24 Drivers/STM32F1xx_HAL_Driver/Src/stm32f1xx_hal.o
                0x080009d4                HAL_Init
 .text.HAL_IncTick
                0x080009f8       0x18 Drivers/STM32F1xx_HAL_Driver/Src/stm32f1xx_hal.o
                0x080009f8                HAL_IncTick
 .text.HAL_GetTick
                0x08000a10        0xc Drivers/STM32F1xx_HAL_Driver/Src/stm32f1xx_hal.o
                0x08000a10                HAL_GetTick
 .text.HAL_Delay
                0x08000a1c       0x28 Drivers/STM32F1xx_HAL_Driver/Src/stm32f1xx_hal.o
                0x08000a1c                HAL_Delay
 .text.ADC_DMAConvCplt
                0x08000a44       0x52 Drivers/STM32F1xx_HAL_Driver/Src/stm32f1xx_hal_adc.o
                0x08000a44                ADC_DMAConvCplt
 .text.ADC_DMAHalfConvCplt
                0x08000a96        0xa Drivers/STM32F1xx_HAL_Driver/Src/stm32f1xx_hal_adc.o
                0x08000a96                ADC_DMAHalfConvCplt
 .text.HAL_ADC_ErrorCallback
                0x08000aa0        0x2 Drivers/STM32F1xx_HAL_Driver/Src/stm32f1xx_hal_adc.o
                0x08000aa0                HAL_ADC_ErrorCallback
 .text.ADC_DMAError
                0x08000aa2       0x1a Drivers/STM32F1xx_HAL_Driver/Src/stm32f1xx_hal_adc.o
                0x08000aa2                ADC_DMAError
 .text.HAL_ADC_ConfigChannel
                0x08000abc      0x138 Drivers/STM32F1xx_HAL_Driver/Src/stm32f1xx_hal_adc.o
                0x08000abc                HAL_ADC_ConfigChannel
 .text.ADC_Enable
                0x08000bf4       0x80 Drivers/STM32F1xx_HAL_Driver/Src/stm32f1xx_hal_adc.o
                0x08000bf4                ADC_Enable
 .text.HAL_ADC_Start_DMA
                0x08000c74      0x130 Drivers/STM32F1xx_HAL_Driver/Src/stm32f1xx_hal_adc.o
                0x08000c74                HAL_ADC_Start_DMA
 .text.ADC_ConversionStop_Disable
                0x08000da4       0x4c Drivers/STM32F1xx_HAL_Driver/Src/stm32f1xx_hal_adc.o
                0x08000da4                ADC_ConversionStop_Disable
 .text.HAL_ADC_Init
                0x08000df0      0x110 Drivers/STM32F1xx_HAL_Driver/Src/stm32f1xx_hal_adc.o
                0x08000df0                HAL_ADC_Init
 .text.HAL_CAN_ConfigFilter
                0x08000f00      0x106 Drivers/STM32F1xx_HAL_Driver/Src/stm32f1xx_hal_can.o
                0x08000f00                HAL_CAN_ConfigFilter
 .text.HAL_CAN_Init
                0x08001006      0x136 Drivers/STM32F1xx_HAL_Driver/Src/stm32f1xx_hal_can.o
                0x08001006                HAL_CAN_Init
 .text.HAL_CAN_Receive_IT
                0x0800113c      0x128 Drivers/STM32F1xx_HAL_Driver/Src/stm32f1xx_hal_can.o
                0x0800113c                HAL_CAN_Receive_IT
 .text.HAL_CAN_TxCpltCallback
                0x08001264        0x2 Drivers/STM32F1xx_HAL_Driver/Src/stm32f1xx_hal_can.o
                0x08001264                HAL_CAN_TxCpltCallback
 .text.CAN_Transmit_IT
                0x08001266       0x5a Drivers/STM32F1xx_HAL_Driver/Src/stm32f1xx_hal_can.o
 .text.CAN_Receive_IT
                0x080012c0      0x170 Drivers/STM32F1xx_HAL_Driver/Src/stm32f1xx_hal_can.o
 .text.HAL_CAN_ErrorCallback
                0x08001430        0x2 Drivers/STM32F1xx_HAL_Driver/Src/stm32f1xx_hal_can.o
                0x08001430                HAL_CAN_ErrorCallback
 *fill*         0x08001432        0x2 
 .text.HAL_CAN_IRQHandler
                0x08001434      0x1fc Drivers/STM32F1xx_HAL_Driver/Src/stm32f1xx_hal_can.o
                0x08001434                HAL_CAN_IRQHandler
 .text.HAL_NVIC_SetPriorityGrouping
                0x08001630       0x24 Drivers/STM32F1xx_HAL_Driver/Src/stm32f1xx_hal_cortex.o
                0x08001630                HAL_NVIC_SetPriorityGrouping
 .text.HAL_NVIC_SetPriority
                0x08001654       0x68 Drivers/STM32F1xx_HAL_Driver/Src/stm32f1xx_hal_cortex.o
                0x08001654                HAL_NVIC_SetPriority
 .text.HAL_NVIC_EnableIRQ
                0x080016bc       0x18 Drivers/STM32F1xx_HAL_Driver/Src/stm32f1xx_hal_cortex.o
                0x080016bc                HAL_NVIC_EnableIRQ
 .text.HAL_SYSTICK_Config
                0x080016d4       0x2c Drivers/STM32F1xx_HAL_Driver/Src/stm32f1xx_hal_cortex.o
                0x080016d4                HAL_SYSTICK_Config
 .text.HAL_SYSTICK_CLKSourceConfig
                0x08001700       0x20 Drivers/STM32F1xx_HAL_Driver/Src/stm32f1xx_hal_cortex.o
                0x08001700                HAL_SYSTICK_CLKSourceConfig
 .text.HAL_SYSTICK_Callback
                0x08001720        0x2 Drivers/STM32F1xx_HAL_Driver/Src/stm32f1xx_hal_cortex.o
                0x08001720                HAL_SYSTICK_Callback
 .text.HAL_SYSTICK_IRQHandler
                0x08001722        0x8 Drivers/STM32F1xx_HAL_Driver/Src/stm32f1xx_hal_cortex.o
                0x08001722                HAL_SYSTICK_IRQHandler
 .text.DMA_SetConfig
                0x0800172a       0x2c Drivers/STM32F1xx_HAL_Driver/Src/stm32f1xx_hal_dma.o
 *fill*         0x08001756        0x2 
 .text.HAL_DMA_Init
                0x08001758       0x78 Drivers/STM32F1xx_HAL_Driver/Src/stm32f1xx_hal_dma.o
                0x08001758                HAL_DMA_Init
 .text.HAL_DMA_Start_IT
                0x080017d0       0x74 Drivers/STM32F1xx_HAL_Driver/Src/stm32f1xx_hal_dma.o
                0x080017d0                HAL_DMA_Start_IT
 .text.HAL_DMA_Abort_IT
                0x08001844       0x98 Drivers/STM32F1xx_HAL_Driver/Src/stm32f1xx_hal_dma.o
                0x08001844                HAL_DMA_Abort_IT
 .text.HAL_DMA_IRQHandler
                0x080018dc      0x144 Drivers/STM32F1xx_HAL_Driver/Src/stm32f1xx_hal_dma.o
                0x080018dc                HAL_DMA_IRQHandler
 .text.HAL_GPIO_Init
                0x08001a20      0x1d4 Drivers/STM32F1xx_HAL_Driver/Src/stm32f1xx_hal_gpio.o
                0x08001a20                HAL_GPIO_Init
 .text.HAL_GPIO_ReadPin
                0x08001bf4        0xe Drivers/STM32F1xx_HAL_Driver/Src/stm32f1xx_hal_gpio.o
                0x08001bf4                HAL_GPIO_ReadPin
 .text.HAL_GPIO_WritePin
                0x08001c02        0xc Drivers/STM32F1xx_HAL_Driver/Src/stm32f1xx_hal_gpio.o
                0x08001c02                HAL_GPIO_WritePin
 .text.HAL_GPIO_TogglePin
                0x08001c0e        0x8 Drivers/STM32F1xx_HAL_Driver/Src/stm32f1xx_hal_gpio.o
                0x08001c0e                HAL_GPIO_TogglePin
 *fill*         0x08001c16        0x2 
 .text.HAL_GPIO_EXTI_IRQHandler
                0x08001c18       0x1c Drivers/STM32F1xx_HAL_Driver/Src/stm32f1xx_hal_gpio.o
                0x08001c18                HAL_GPIO_EXTI_IRQHandler
 .text.I2C_IsAcknowledgeFailed
                0x08001c34       0x2a Drivers/STM32F1xx_HAL_Driver/Src/stm32f1xx_hal_i2c.o
 .text.I2C_WaitOnFlagUntilTimeout
                0x08001c5e       0x68 Drivers/STM32F1xx_HAL_Driver/Src/stm32f1xx_hal_i2c.o
 .text.I2C_WaitOnMasterAddressFlagUntilTimeout
                0x08001cc6       0x90 Drivers/STM32F1xx_HAL_Driver/Src/stm32f1xx_hal_i2c.o
 *fill*         0x08001d56        0x2 
 .text.I2C_MasterRequestWrite
                0x08001d58       0xbc Drivers/STM32F1xx_HAL_Driver/Src/stm32f1xx_hal_i2c.o
 .text.I2C_MasterRequestRead
                0x08001e14      0x120 Drivers/STM32F1xx_HAL_Driver/Src/stm32f1xx_hal_i2c.o
 .text.I2C_WaitOnTXEFlagUntilTimeout
                0x08001f34       0x4e Drivers/STM32F1xx_HAL_Driver/Src/stm32f1xx_hal_i2c.o
 .text.I2C_WaitOnBTFFlagUntilTimeout
                0x08001f82       0x4e Drivers/STM32F1xx_HAL_Driver/Src/stm32f1xx_hal_i2c.o
 .text.I2C_WaitOnRXNEFlagUntilTimeout
                0x08001fd0       0x5c Drivers/STM32F1xx_HAL_Driver/Src/stm32f1xx_hal_i2c.o
 .text.HAL_I2C_Init
                0x0800202c      0x168 Drivers/STM32F1xx_HAL_Driver/Src/stm32f1xx_hal_i2c.o
                0x0800202c                HAL_I2C_Init
 .text.HAL_I2C_Master_Transmit
                0x08002194      0x184 Drivers/STM32F1xx_HAL_Driver/Src/stm32f1xx_hal_i2c.o
                0x08002194                HAL_I2C_Master_Transmit
 .text.HAL_I2C_Master_Receive
                0x08002318      0x2f4 Drivers/STM32F1xx_HAL_Driver/Src/stm32f1xx_hal_i2c.o
                0x08002318                HAL_I2C_Master_Receive
 .text.HAL_I2C_IsDeviceReady
                0x0800260c      0x18c Drivers/STM32F1xx_HAL_Driver/Src/stm32f1xx_hal_i2c.o
                0x0800260c                HAL_I2C_IsDeviceReady
 .text.RCC_Delay
                0x08002798       0x2c Drivers/STM32F1xx_HAL_Driver/Src/stm32f1xx_hal_rcc.o
 .text.HAL_RCC_OscConfig
                0x080027c4      0x3dc Drivers/STM32F1xx_HAL_Driver/Src/stm32f1xx_hal_rcc.o
                0x080027c4                HAL_RCC_OscConfig
 .text.HAL_RCC_GetSysClockFreq
                0x08002ba0       0x70 Drivers/STM32F1xx_HAL_Driver/Src/stm32f1xx_hal_rcc.o
                0x08002ba0                HAL_RCC_GetSysClockFreq
 .text.HAL_RCC_ClockConfig
                0x08002c10      0x178 Drivers/STM32F1xx_HAL_Driver/Src/stm32f1xx_hal_rcc.o
                0x08002c10                HAL_RCC_ClockConfig
 .text.HAL_RCC_GetHCLKFreq
                0x08002d88        0xc Drivers/STM32F1xx_HAL_Driver/Src/stm32f1xx_hal_rcc.o
                0x08002d88                HAL_RCC_GetHCLKFreq
 .text.HAL_RCC_GetPCLK1Freq
                0x08002d94       0x20 Drivers/STM32F1xx_HAL_Driver/Src/stm32f1xx_hal_rcc.o
                0x08002d94                HAL_RCC_GetPCLK1Freq
 .text.HAL_RCC_GetPCLK2Freq
                0x08002db4       0x20 Drivers/STM32F1xx_HAL_Driver/Src/stm32f1xx_hal_rcc.o
                0x08002db4                HAL_RCC_GetPCLK2Freq
 .text.HAL_RCCEx_PeriphCLKConfig
                0x08002dd4      0x114 Drivers/STM32F1xx_HAL_Driver/Src/stm32f1xx_hal_rcc_ex.o
                0x08002dd4                HAL_RCCEx_PeriphCLKConfig
 .text.TIM_TI1_ConfigInputStage
                0x08002ee8       0x24 Drivers/STM32F1xx_HAL_Driver/Src/stm32f1xx_hal_tim.o
 .text.TIM_TI2_ConfigInputStage
                0x08002f0c       0x26 Drivers/STM32F1xx_HAL_Driver/Src/stm32f1xx_hal_tim.o
 .text.TIM_ITRx_SetConfig
                0x08002f32       0x10 Drivers/STM32F1xx_HAL_Driver/Src/stm32f1xx_hal_tim.o
 .text.TIM_ETR_SetConfig
                0x08002f42       0x16 Drivers/STM32F1xx_HAL_Driver/Src/stm32f1xx_hal_tim.o
 .text.HAL_TIM_Base_Start
                0x08002f58       0x1a Drivers/STM32F1xx_HAL_Driver/Src/stm32f1xx_hal_tim.o
                0x08002f58                HAL_TIM_Base_Start
 .text.HAL_TIM_Base_Start_IT
                0x08002f72       0x18 Drivers/STM32F1xx_HAL_Driver/Src/stm32f1xx_hal_tim.o
                0x08002f72                HAL_TIM_Base_Start_IT
 .text.HAL_TIM_ConfigClockSource
                0x08002f8a      0x108 Drivers/STM32F1xx_HAL_Driver/Src/stm32f1xx_hal_tim.o
                0x08002f8a                HAL_TIM_ConfigClockSource
 .text.HAL_TIM_OC_DelayElapsedCallback
                0x08003092        0x2 Drivers/STM32F1xx_HAL_Driver/Src/stm32f1xx_hal_tim.o
                0x08003092                HAL_TIM_OC_DelayElapsedCallback
 .text.HAL_TIM_IC_CaptureCallback
                0x08003094        0x2 Drivers/STM32F1xx_HAL_Driver/Src/stm32f1xx_hal_tim.o
                0x08003094                HAL_TIM_IC_CaptureCallback
 .text.HAL_TIM_PWM_PulseFinishedCallback
                0x08003096        0x2 Drivers/STM32F1xx_HAL_Driver/Src/stm32f1xx_hal_tim.o
                0x08003096                HAL_TIM_PWM_PulseFinishedCallback
 .text.HAL_TIM_TriggerCallback
                0x08003098        0x2 Drivers/STM32F1xx_HAL_Driver/Src/stm32f1xx_hal_tim.o
                0x08003098                HAL_TIM_TriggerCallback
 .text.HAL_TIM_IRQHandler
                0x0800309a      0x17a Drivers/STM32F1xx_HAL_Driver/Src/stm32f1xx_hal_tim.o
                0x0800309a                HAL_TIM_IRQHandler
 .text.TIM_Base_SetConfig
                0x08003214       0x74 Drivers/STM32F1xx_HAL_Driver/Src/stm32f1xx_hal_tim.o
                0x08003214                TIM_Base_SetConfig
 .text.HAL_TIM_Base_Init
                0x08003288       0x32 Drivers/STM32F1xx_HAL_Driver/Src/stm32f1xx_hal_tim.o
                0x08003288                HAL_TIM_Base_Init
 .text.HAL_TIMEx_MasterConfigSynchronization
                0x080032ba       0x52 Drivers/STM32F1xx_HAL_Driver/Src/stm32f1xx_hal_tim_ex.o
                0x080032ba                HAL_TIMEx_MasterConfigSynchronization
 .text.HAL_TIMEx_CommutationCallback
                0x0800330c        0x2 Drivers/STM32F1xx_HAL_Driver/Src/stm32f1xx_hal_tim_ex.o
                0x0800330c                HAL_TIMEx_CommutationCallback
 .text.HAL_TIMEx_BreakCallback
                0x0800330e        0x2 Drivers/STM32F1xx_HAL_Driver/Src/stm32f1xx_hal_tim_ex.o
                0x0800330e                HAL_TIMEx_BreakCallback
 .text.UART_EndTxTransfer
                0x08003310       0x12 Drivers/STM32F1xx_HAL_Driver/Src/stm32f1xx_hal_uart.o
 .text.UART_EndRxTransfer
                0x08003322       0x1c Drivers/STM32F1xx_HAL_Driver/Src/stm32f1xx_hal_uart.o
 .text.UART_Transmit_IT
                0x0800333e       0x68 Drivers/STM32F1xx_HAL_Driver/Src/stm32f1xx_hal_uart.o
 *fill*         0x080033a6        0x2 
 .text.UART_SetConfig
                0x080033a8      0x1ac Drivers/STM32F1xx_HAL_Driver/Src/stm32f1xx_hal_uart.o
 .text.HAL_UART_Init
                0x08003554       0x5e Drivers/STM32F1xx_HAL_Driver/Src/stm32f1xx_hal_uart.o
                0x08003554                HAL_UART_Init
 *fill*         0x080035b2        0x2 
 .text.HAL_UART_Transmit_DMA
                0x080035b4       0x8c Drivers/STM32F1xx_HAL_Driver/Src/stm32f1xx_hal_uart.o
                0x080035b4                HAL_UART_Transmit_DMA
 .text.UART_DMATransmitCplt
                0x08003640       0x30 Drivers/STM32F1xx_HAL_Driver/Src/stm32f1xx_hal_uart.o
 .text.UART_EndTransmit_IT
                0x08003670       0x1a Drivers/STM32F1xx_HAL_Driver/Src/stm32f1xx_hal_uart.o
 .text.HAL_UART_TxHalfCpltCallback
                0x0800368a        0x2 Drivers/STM32F1xx_HAL_Driver/Src/stm32f1xx_hal_uart.o
                0x0800368a                HAL_UART_TxHalfCpltCallback
 .text.UART_DMATxHalfCplt
                0x0800368c        0xa Drivers/STM32F1xx_HAL_Driver/Src/stm32f1xx_hal_uart.o
 .text.HAL_UART_RxCpltCallback
                0x08003696        0x2 Drivers/STM32F1xx_HAL_Driver/Src/stm32f1xx_hal_uart.o
                0x08003696                HAL_UART_RxCpltCallback
 .text.UART_Receive_IT
                0x08003698       0x9c Drivers/STM32F1xx_HAL_Driver/Src/stm32f1xx_hal_uart.o
 .text.HAL_UART_ErrorCallback
                0x08003734        0x2 Drivers/STM32F1xx_HAL_Driver/Src/stm32f1xx_hal_uart.o
                0x08003734                HAL_UART_ErrorCallback
 .text.UART_DMAError
                0x08003736       0x58 Drivers/STM32F1xx_HAL_Driver/Src/stm32f1xx_hal_uart.o
 *fill*         0x0800378e        0x2 
 .text.HAL_UART_IRQHandler
                0x08003790      0x120 Drivers/STM32F1xx_HAL_Driver/Src/stm32f1xx_hal_uart.o
                0x08003790                HAL_UART_IRQHandler
 .text.UART_DMAAbortOnError
                0x080038b0       0x10 Drivers/STM32F1xx_HAL_Driver/Src/stm32f1xx_hal_uart.o
 .text.HAL_UART_GetState
                0x080038c0        0xc Drivers/STM32F1xx_HAL_Driver/Src/stm32f1xx_hal_uart.o
                0x080038c0                HAL_UART_GetState
 .text.MX_GPIO_Init
                0x080038cc      0x120 Src/main.o
 .text.MX_DMA_Init
                0x080039ec       0x44 Src/main.o
 .text.MX_ADC1_Init
                0x08003a30       0xa4 Src/main.o
 .text.MX_CAN_Init
                0x08003ad4       0x3c Src/main.o
 .text.MX_I2C2_Init
                0x08003b10       0x34 Src/main.o
 .text.MX_TIM3_Init
                0x08003b44       0x4c Src/main.o
 .text.MX_TIM4_Init
                0x08003b90       0x4c Src/main.o
 .text.MX_USART1_UART_Init
                0x08003bdc       0x2c Src/main.o
 .text.CAN_Config
                0x08003c08       0x60 Src/main.o
 .text.HAL_ADC_ConvCpltCallback
                0x08003c68       0xc4 Src/main.o
                0x08003c68                HAL_ADC_ConvCpltCallback
 .text.HAL_ADC_ConvHalfCpltCallback
                0x08003d2c       0x6c Src/main.o
                0x08003d2c                HAL_ADC_ConvHalfCpltCallback
 .text.SystemClock_Config
                0x08003d98       0x78 Src/main.o
                0x08003d98                SystemClock_Config
 .text.getMeasure
                0x08003e10       0xac Src/main.o
                0x08003e10                getMeasure
 .text.UserMsgConfig
                0x08003ebc       0x48 Src/main.o
                0x08003ebc                UserMsgConfig
 .text.main     0x08003f04       0xcc Src/main.o
                0x08003f04                main
 .text.HAL_CAN_RxCpltCallback
                0x08003fd0      0x238 Src/main.o
                0x08003fd0                HAL_CAN_RxCpltCallback
 .text.HAL_UART_TxCpltCallback
                0x08004208        0x2 Src/main.o
                0x08004208                HAL_UART_TxCpltCallback
 *fill*         0x0800420a        0x2 
 .text.assemblePackage
                0x0800420c      0x208 Src/main.o
                0x0800420c                assemblePackage
 .text.HAL_TIM_PeriodElapsedCallback
                0x08004414      0x15c Src/main.o
                0x08004414                HAL_TIM_PeriodElapsedCallback
 .text.HAL_GPIO_EXTI_Callback
                0x08004570       0x68 Src/main.o
                0x08004570                HAL_GPIO_EXTI_Callback
 .text._Error_Handler
                0x080045d8        0x2 Src/main.o
                0x080045d8                _Error_Handler
 .text.SD_MPU6050_SetDLPF
                0x080045da       0x2a Src/sd_hal_mpu6050.o
                0x080045da                SD_MPU6050_SetDLPF
 .text.SD_MPU6050_SetDataRate
                0x08004604       0x2a Src/sd_hal_mpu6050.o
                0x08004604                SD_MPU6050_SetDataRate
 .text.SD_MPU6050_SetAccelerometer
                0x0800462e       0xa0 Src/sd_hal_mpu6050.o
                0x0800462e                SD_MPU6050_SetAccelerometer
 *fill*         0x080046ce        0x2 
 .text.SD_MPU6050_SetGyroscope
                0x080046d0       0xa8 Src/sd_hal_mpu6050.o
                0x080046d0                SD_MPU6050_SetGyroscope
 .text.SD_MPU6050_Init
                0x08004778       0xb6 Src/sd_hal_mpu6050.o
                0x08004778                SD_MPU6050_Init
 .text.SD_MPU6050_ReadAccelerometer
                0x0800482e       0x6a Src/sd_hal_mpu6050.o
                0x0800482e                SD_MPU6050_ReadAccelerometer
 .text.HAL_MspInit
                0x08004898       0xa0 Src/stm32f1xx_hal_msp.o
                0x08004898                HAL_MspInit
 .text.HAL_ADC_MspInit
                0x08004938       0x98 Src/stm32f1xx_hal_msp.o
                0x08004938                HAL_ADC_MspInit
 .text.HAL_CAN_MspInit
                0x080049d0       0x7c Src/stm32f1xx_hal_msp.o
                0x080049d0                HAL_CAN_MspInit
 .text.HAL_I2C_MspInit
                0x08004a4c       0x4c Src/stm32f1xx_hal_msp.o
                0x08004a4c                HAL_I2C_MspInit
 .text.HAL_TIM_Base_MspInit
                0x08004a98       0x60 Src/stm32f1xx_hal_msp.o
                0x08004a98                HAL_TIM_Base_MspInit
 .text.HAL_UART_MspInit
                0x08004af8       0xb0 Src/stm32f1xx_hal_msp.o
                0x08004af8                HAL_UART_MspInit
 .text.NMI_Handler
                0x08004ba8        0x2 Src/stm32f1xx_it.o
                0x08004ba8                NMI_Handler
 .text.HardFault_Handler
                0x08004baa        0x2 Src/stm32f1xx_it.o
                0x08004baa                HardFault_Handler
 .text.MemManage_Handler
                0x08004bac        0x2 Src/stm32f1xx_it.o
                0x08004bac                MemManage_Handler
 .text.BusFault_Handler
                0x08004bae        0x2 Src/stm32f1xx_it.o
                0x08004bae                BusFault_Handler
 .text.UsageFault_Handler
                0x08004bb0        0x2 Src/stm32f1xx_it.o
                0x08004bb0                UsageFault_Handler
 .text.SVC_Handler
                0x08004bb2        0x2 Src/stm32f1xx_it.o
                0x08004bb2                SVC_Handler
 .text.DebugMon_Handler
                0x08004bb4        0x2 Src/stm32f1xx_it.o
                0x08004bb4                DebugMon_Handler
 .text.PendSV_Handler
                0x08004bb6        0x2 Src/stm32f1xx_it.o
                0x08004bb6                PendSV_Handler
 .text.SysTick_Handler
                0x08004bb8        0xc Src/stm32f1xx_it.o
                0x08004bb8                SysTick_Handler
 .text.DMA1_Channel1_IRQHandler
                0x08004bc4       0x10 Src/stm32f1xx_it.o
                0x08004bc4                DMA1_Channel1_IRQHandler
 .text.DMA1_Channel4_IRQHandler
                0x08004bd4       0x10 Src/stm32f1xx_it.o
                0x08004bd4                DMA1_Channel4_IRQHandler
 .text.USB_HP_CAN1_TX_IRQHandler
                0x08004be4       0x10 Src/stm32f1xx_it.o
                0x08004be4                USB_HP_CAN1_TX_IRQHandler
 .text.USB_LP_CAN1_RX0_IRQHandler
                0x08004bf4       0x10 Src/stm32f1xx_it.o
                0x08004bf4                USB_LP_CAN1_RX0_IRQHandler
 .text.EXTI9_5_IRQHandler
                0x08004c04        0xc Src/stm32f1xx_it.o
                0x08004c04                EXTI9_5_IRQHandler
 .text.TIM3_IRQHandler
                0x08004c10       0x10 Src/stm32f1xx_it.o
                0x08004c10                TIM3_IRQHandler
 .text.USART1_IRQHandler
                0x08004c20       0x10 Src/stm32f1xx_it.o
                0x08004c20                USART1_IRQHandler
 .text.SystemInit
                0x08004c30       0x4c Src/system_stm32f1xx.o
                0x08004c30                SystemInit
 .text.Reset_Handler
                0x08004c7c       0x48 startup/startup_stm32f103xb.o
                0x08004c7c                Reset_Handler
 .text.Default_Handler
                0x08004cc4        0x2 startup/startup_stm32f103xb.o
                0x08004cc4                RTC_Alarm_IRQHandler
                0x08004cc4                EXTI2_IRQHandler
                0x08004cc4                TIM1_CC_IRQHandler
                0x08004cc4                PVD_IRQHandler
                0x08004cc4                EXTI3_IRQHandler
                0x08004cc4                EXTI0_IRQHandler
                0x08004cc4                I2C2_EV_IRQHandler
                0x08004cc4                ADC1_2_IRQHandler
                0x08004cc4                SPI1_IRQHandler
                0x08004cc4                TAMPER_IRQHandler
                0x08004cc4                USART3_IRQHandler
                0x08004cc4                RTC_IRQHandler
                0x08004cc4                DMA1_Channel7_IRQHandler
                0x08004cc4                CAN1_RX1_IRQHandler
                0x08004cc4                TIM4_IRQHandler
                0x08004cc4                I2C1_EV_IRQHandler
                0x08004cc4                DMA1_Channel6_IRQHandler
                0x08004cc4                RCC_IRQHandler
                0x08004cc4                TIM1_TRG_COM_IRQHandler
                0x08004cc4                Default_Handler
                0x08004cc4                EXTI15_10_IRQHandler
                0x08004cc4                SPI2_IRQHandler
                0x08004cc4                DMA1_Channel5_IRQHandler
                0x08004cc4                EXTI4_IRQHandler
                0x08004cc4                DMA1_Channel3_IRQHandler
                0x08004cc4                TIM1_UP_IRQHandler
                0x08004cc4                WWDG_IRQHandler
                0x08004cc4                TIM2_IRQHandler
                0x08004cc4                TIM1_BRK_IRQHandler
                0x08004cc4                EXTI1_IRQHandler
                0x08004cc4                USART2_IRQHandler
                0x08004cc4                I2C2_ER_IRQHandler
                0x08004cc4                DMA1_Channel2_IRQHandler
                0x08004cc4                CAN1_SCE_IRQHandler
                0x08004cc4                FLASH_IRQHandler
                0x08004cc4                I2C1_ER_IRQHandler
                0x08004cc4                USBWakeUp_IRQHandler
 *fill*         0x08004cc6        0x2 
 .text.__libc_init_array
                0x08004cc8       0x48 c:/ac6/systemworkbench/plugins/fr.ac6.mcu.externaltools.arm-none.win32_1.16.0.201807130628/tools/compiler/bin/../lib/gcc/arm-none-eabi/7.2.1/../../../../arm-none-eabi/lib/thumb/v7-m\libc_nano.a(lib_a-init.o)
                0x08004cc8                __libc_init_array
 *(.glue_7)
 .glue_7        0x08004d10        0x0 linker stubs
 *(.glue_7t)
 .glue_7t       0x08004d10        0x0 linker stubs
 *(.eh_frame)
 .eh_frame      0x08004d10        0x0 c:/ac6/systemworkbench/plugins/fr.ac6.mcu.externaltools.arm-none.win32_1.16.0.201807130628/tools/compiler/bin/../lib/gcc/arm-none-eabi/7.2.1/thumb/v7-m/crtbegin.o
 *(.init)
 .init          0x08004d10        0x4 c:/ac6/systemworkbench/plugins/fr.ac6.mcu.externaltools.arm-none.win32_1.16.0.201807130628/tools/compiler/bin/../lib/gcc/arm-none-eabi/7.2.1/thumb/v7-m/crti.o
                0x08004d10                _init
 .init          0x08004d14        0x8 c:/ac6/systemworkbench/plugins/fr.ac6.mcu.externaltools.arm-none.win32_1.16.0.201807130628/tools/compiler/bin/../lib/gcc/arm-none-eabi/7.2.1/thumb/v7-m/crtn.o
 *(.fini)
 .fini          0x08004d1c        0x4 c:/ac6/systemworkbench/plugins/fr.ac6.mcu.externaltools.arm-none.win32_1.16.0.201807130628/tools/compiler/bin/../lib/gcc/arm-none-eabi/7.2.1/thumb/v7-m/crti.o
                0x08004d1c                _fini
 .fini          0x08004d20        0x8 c:/ac6/systemworkbench/plugins/fr.ac6.mcu.externaltools.arm-none.win32_1.16.0.201807130628/tools/compiler/bin/../lib/gcc/arm-none-eabi/7.2.1/thumb/v7-m/crtn.o
                0x08004d28                . = ALIGN (0x4)
                0x08004d28                _etext = .

.vfp11_veneer   0x08004d28        0x0
 .vfp11_veneer  0x08004d28        0x0 linker stubs

.v4_bx          0x08004d28        0x0
 .v4_bx         0x08004d28        0x0 linker stubs

.iplt           0x08004d28        0x0
 .iplt          0x08004d28        0x0 c:/ac6/systemworkbench/plugins/fr.ac6.mcu.externaltools.arm-none.win32_1.16.0.201807130628/tools/compiler/bin/../lib/gcc/arm-none-eabi/7.2.1/thumb/v7-m/crtbegin.o

.rodata         0x08004d28       0x48
                0x08004d28                . = ALIGN (0x4)
 *(.rodata)
 .rodata        0x08004d28       0x12 Drivers/STM32F1xx_HAL_Driver/Src/stm32f1xx_hal_rcc.o
 *fill*         0x08004d3a        0x2 
 .rodata        0x08004d3c       0x18 Src/system_stm32f1xx.o
                0x08004d3c                AHBPrescTable
                0x08004d4c                APBPrescTable
 *(.rodata*)
 .rodata.str1.4
                0x08004d54       0x1c Src/stm32f1xx_hal_msp.o
                                 0x1b (size before relaxing)
                0x08004d70                . = ALIGN (0x4)

.rel.dyn        0x08004d70        0x0
 .rel.iplt      0x08004d70        0x0 c:/ac6/systemworkbench/plugins/fr.ac6.mcu.externaltools.arm-none.win32_1.16.0.201807130628/tools/compiler/bin/../lib/gcc/arm-none-eabi/7.2.1/thumb/v7-m/crtbegin.o

.ARM.extab
 *(.ARM.extab* .gnu.linkonce.armextab.*)

.ARM            0x08004d70        0x0
                0x08004d70                __exidx_start = .
 *(.ARM.exidx*)
                0x08004d70                __exidx_end = .

.preinit_array  0x08004d70        0x0
                0x08004d70                PROVIDE (__preinit_array_start, .)
 *(.preinit_array*)
                0x08004d70                PROVIDE (__preinit_array_end, .)

.init_array     0x08004d70        0x4
                0x08004d70                PROVIDE (__init_array_start, .)
 *(SORT_BY_NAME(.init_array.*))
 *(.init_array*)
 .init_array    0x08004d70        0x4 c:/ac6/systemworkbench/plugins/fr.ac6.mcu.externaltools.arm-none.win32_1.16.0.201807130628/tools/compiler/bin/../lib/gcc/arm-none-eabi/7.2.1/thumb/v7-m/crtbegin.o
                0x08004d74                PROVIDE (__init_array_end, .)

.fini_array     0x08004d74        0x4
                [!provide]                PROVIDE (__fini_array_start, .)
 *(SORT_BY_NAME(.fini_array.*))
 *(.fini_array*)
 .fini_array    0x08004d74        0x4 c:/ac6/systemworkbench/plugins/fr.ac6.mcu.externaltools.arm-none.win32_1.16.0.201807130628/tools/compiler/bin/../lib/gcc/arm-none-eabi/7.2.1/thumb/v7-m/crtbegin.o
                [!provide]                PROVIDE (__fini_array_end, .)
                0x08004d78                _sidata = LOADADDR (.data)

.data           0x20000000        0xc load address 0x08004d78
                0x20000000                . = ALIGN (0x4)
                0x20000000                _sdata = .
 *(.data)
 .data          0x20000000        0x8 Drivers/STM32F1xx_HAL_Driver/Src/stm32f1xx_hal.o
                0x20000000                uwTickFreq
                0x20000004                uwTickPrio
 .data          0x20000008        0x4 Src/system_stm32f1xx.o
                0x20000008                SystemCoreClock
 *(.data*)
                0x2000000c                . = ALIGN (0x4)
                0x2000000c                _edata = .

.igot.plt       0x2000000c        0x0 load address 0x08004d84
 .igot.plt      0x2000000c        0x0 c:/ac6/systemworkbench/plugins/fr.ac6.mcu.externaltools.arm-none.win32_1.16.0.201807130628/tools/compiler/bin/../lib/gcc/arm-none-eabi/7.2.1/thumb/v7-m/crtbegin.o
                0x2000000c                . = ALIGN (0x4)

.bss            0x2000000c      0xf6c load address 0x08004d84
                0x2000000c                _sbss = .
                0x2000000c                __bss_start__ = _sbss
 *(.bss)
 .bss           0x2000000c       0x1c c:/ac6/systemworkbench/plugins/fr.ac6.mcu.externaltools.arm-none.win32_1.16.0.201807130628/tools/compiler/bin/../lib/gcc/arm-none-eabi/7.2.1/thumb/v7-m/crtbegin.o
 .bss           0x20000028       0xb1 Src/main.o
                0x20000068                ADC
                0x20000080                PFREIOT
                0x20000082                PFREIOD
                0x20000084                POSVOL
                0x20000086                TEMPPDU
                0x20000088                CORRENTE
                0x2000008a                SUSP
                0x2000008c                TIMERCOUNT
                0x2000008e                RPM
                0x20000090                SPEEDFR
                0x20000092                SPEEDREAR
                0x20000094                CANRX
                0x20000098                canID
                0x2000009c                payloadCnt
                0x2000009e                segPackNo
                0x2000009f                RECEIVED_ETX
                0x200000a0                EXT_DATA
                0x200000c0                TEMPBREAK_1
                0x200000c2                TEMPBREAK_2
                0x200000c4                callbackCnt
                0x200000c8                BEACON
                0x200000c9                pack2_cnt
                0x200000ca                pack3_cnt
                0x200000cc                PWMPeriodCounter
                0x200000d0                PWMHighCounter
                0x200000d4                dutyCycle
                0x200000d8                CANTX
 *(.bss*)
 *(COMMON)
 *fill*         0x200000d9        0x3 
 COMMON         0x200000dc        0x4 Drivers/STM32F1xx_HAL_Driver/Src/stm32f1xx_hal.o
                0x200000dc                uwTick
 COMMON         0x200000e0      0xe98 Src/main.o
                0x200000e0                buff3
                0x200000f0                OILP
                0x200000f2                BAT
                0x200000f4                a_y
                0x200000f6                g_x
                0x200000f8                htim4
                0x20000138                tx_buffer4
                0x2000019c                MAP
                0x200001a0                buff4
                0x200001c0                hi2c2
                0x20000214                TPS
                0x20000216                a_x
                0x20000218                payloadData
                0x20000268                hcan
                0x200002ac                buff1
                0x200002bc                payloadLength
                0x200002c0                TxTemp
                0x200002dc                htim3
                0x2000031c                g_z
                0x2000031e                datafieldID
                0x20000320                a_z
                0x20000324                hdma_usart1_tx
                0x20000368                tx_buffer
                0x200003cc                hadc1
                0x200003fc                adc1
                0x20000418                tx_buffer2
                0x20000468                tx_buffer3
                0x200004b8                TxSpeed
                0x200004d4                buff2
                0x200004e8                huart1
                0x20000528                FUELP
                0x2000052c                dados_ext
                0x20000534                hdma_adc1
                0x20000578                acel_result
                0x200005dc                adc_buffer
                0x20000f3c                SPARKC
                0x20000f3d                PACKNO
                0x20000f40                EXT_ARRAY
                0x20000f48                BOMBA
                0x20000f4c                canData
                0x20000f54                g_y
                0x20000f58                mpu1
                0x20000f74                VENT
                0x20000f76                ECT
                0x20000f78                . = ALIGN (0x4)
                0x20000f78                _ebss = .
                0x20000f78                __bss_end__ = _ebss

._user_heap_stack
                0x20000f78      0x600 load address 0x08004d84
                0x20000f78                . = ALIGN (0x8)
                [!provide]                PROVIDE (end, .)
                [!provide]                PROVIDE (_end, .)
                0x20001178                . = (. + _Min_Heap_Size)
 *fill*         0x20000f78      0x200 
                0x20001578                . = (. + _Min_Stack_Size)
 *fill*         0x20001178      0x400 
                0x20001578                . = ALIGN (0x8)

/DISCARD/
 libc.a(*)
 libm.a(*)
 libgcc.a(*)

.ARM.attributes
                0x00000000       0x29
 *(.ARM.attributes)
 .ARM.attributes
                0x00000000       0x1d c:/ac6/systemworkbench/plugins/fr.ac6.mcu.externaltools.arm-none.win32_1.16.0.201807130628/tools/compiler/bin/../lib/gcc/arm-none-eabi/7.2.1/thumb/v7-m/crti.o
 .ARM.attributes
                0x0000001d       0x2d c:/ac6/systemworkbench/plugins/fr.ac6.mcu.externaltools.arm-none.win32_1.16.0.201807130628/tools/compiler/bin/../lib/gcc/arm-none-eabi/7.2.1/thumb/v7-m/crtbegin.o
 .ARM.attributes
                0x0000004a       0x33 Drivers/STM32F1xx_HAL_Driver/Src/stm32f1xx_hal.o
 .ARM.attributes
                0x0000007d       0x33 Drivers/STM32F1xx_HAL_Driver/Src/stm32f1xx_hal_adc.o
 .ARM.attributes
                0x000000b0       0x33 Drivers/STM32F1xx_HAL_Driver/Src/stm32f1xx_hal_can.o
 .ARM.attributes
                0x000000e3       0x33 Drivers/STM32F1xx_HAL_Driver/Src/stm32f1xx_hal_cortex.o
 .ARM.attributes
                0x00000116       0x33 Drivers/STM32F1xx_HAL_Driver/Src/stm32f1xx_hal_dma.o
 .ARM.attributes
                0x00000149       0x33 Drivers/STM32F1xx_HAL_Driver/Src/stm32f1xx_hal_gpio.o
 .ARM.attributes
                0x0000017c       0x33 Drivers/STM32F1xx_HAL_Driver/Src/stm32f1xx_hal_i2c.o
 .ARM.attributes
                0x000001af       0x33 Drivers/STM32F1xx_HAL_Driver/Src/stm32f1xx_hal_rcc.o
 .ARM.attributes
                0x000001e2       0x33 Drivers/STM32F1xx_HAL_Driver/Src/stm32f1xx_hal_rcc_ex.o
 .ARM.attributes
                0x00000215       0x33 Drivers/STM32F1xx_HAL_Driver/Src/stm32f1xx_hal_tim.o
 .ARM.attributes
                0x00000248       0x33 Drivers/STM32F1xx_HAL_Driver/Src/stm32f1xx_hal_tim_ex.o
 .ARM.attributes
                0x0000027b       0x33 Drivers/STM32F1xx_HAL_Driver/Src/stm32f1xx_hal_uart.o
 .ARM.attributes
                0x000002ae       0x33 Src/main.o
 .ARM.attributes
                0x000002e1       0x33 Src/sd_hal_mpu6050.o
 .ARM.attributes
                0x00000314       0x33 Src/stm32f1xx_hal_msp.o
 .ARM.attributes
                0x00000347       0x33 Src/stm32f1xx_it.o
 .ARM.attributes
                0x0000037a       0x33 Src/system_stm32f1xx.o
 .ARM.attributes
                0x000003ad       0x21 startup/startup_stm32f103xb.o
 .ARM.attributes
                0x000003ce       0x1d c:/ac6/systemworkbench/plugins/fr.ac6.mcu.externaltools.arm-none.win32_1.16.0.201807130628/tools/compiler/bin/../lib/gcc/arm-none-eabi/7.2.1/thumb/v7-m\libgcc.a(_arm_addsubdf3.o)
 .ARM.attributes
                0x000003eb       0x1d c:/ac6/systemworkbench/plugins/fr.ac6.mcu.externaltools.arm-none.win32_1.16.0.201807130628/tools/compiler/bin/../lib/gcc/arm-none-eabi/7.2.1/thumb/v7-m\libgcc.a(_arm_muldivdf3.o)
 .ARM.attributes
                0x00000408       0x1d c:/ac6/systemworkbench/plugins/fr.ac6.mcu.externaltools.arm-none.win32_1.16.0.201807130628/tools/compiler/bin/../lib/gcc/arm-none-eabi/7.2.1/thumb/v7-m\libgcc.a(_arm_truncdfsf2.o)
 .ARM.attributes
                0x00000425       0x2d c:/ac6/systemworkbench/plugins/fr.ac6.mcu.externaltools.arm-none.win32_1.16.0.201807130628/tools/compiler/bin/../lib/gcc/arm-none-eabi/7.2.1/../../../../arm-none-eabi/lib/thumb/v7-m\libc_nano.a(lib_a-init.o)
 .ARM.attributes
                0x00000452       0x1d c:/ac6/systemworkbench/plugins/fr.ac6.mcu.externaltools.arm-none.win32_1.16.0.201807130628/tools/compiler/bin/../lib/gcc/arm-none-eabi/7.2.1/thumb/v7-m/crtn.o
OUTPUT(MainBoard0504.elf elf32-littlearm)

.debug_info     0x00000000    0x1c6cc
 .debug_info    0x00000000      0xfa6 Drivers/STM32F1xx_HAL_Driver/Src/stm32f1xx_hal.o
 .debug_info    0x00000fa6     0x162a Drivers/STM32F1xx_HAL_Driver/Src/stm32f1xx_hal_adc.o
 .debug_info    0x000025d0     0x149a Drivers/STM32F1xx_HAL_Driver/Src/stm32f1xx_hal_can.o
 .debug_info    0x00003a6a     0x1475 Drivers/STM32F1xx_HAL_Driver/Src/stm32f1xx_hal_cortex.o
 .debug_info    0x00004edf     0x1014 Drivers/STM32F1xx_HAL_Driver/Src/stm32f1xx_hal_dma.o
 .debug_info    0x00005ef3      0xe87 Drivers/STM32F1xx_HAL_Driver/Src/stm32f1xx_hal_gpio.o
 .debug_info    0x00006d7a     0x379a Drivers/STM32F1xx_HAL_Driver/Src/stm32f1xx_hal_i2c.o
 .debug_info    0x0000a514     0x11ef Drivers/STM32F1xx_HAL_Driver/Src/stm32f1xx_hal_rcc.o
 .debug_info    0x0000b703      0xc67 Drivers/STM32F1xx_HAL_Driver/Src/stm32f1xx_hal_rcc_ex.o
 .debug_info    0x0000c36a     0x3660 Drivers/STM32F1xx_HAL_Driver/Src/stm32f1xx_hal_tim.o
 .debug_info    0x0000f9ca     0x1aa8 Drivers/STM32F1xx_HAL_Driver/Src/stm32f1xx_hal_tim_ex.o
 .debug_info    0x00011472     0x1e7b Drivers/STM32F1xx_HAL_Driver/Src/stm32f1xx_hal_uart.o
 .debug_info    0x000132ed     0x32ff Src/main.o
 .debug_info    0x000165ec     0x1b3d Src/sd_hal_mpu6050.o
 .debug_info    0x00018129     0x22d1 Src/stm32f1xx_hal_msp.o
 .debug_info    0x0001a3fa     0x169b Src/stm32f1xx_it.o
 .debug_info    0x0001ba95      0xc15 Src/system_stm32f1xx.o
 .debug_info    0x0001c6aa       0x22 startup/startup_stm32f103xb.o

.debug_abbrev   0x00000000     0x31b6
 .debug_abbrev  0x00000000      0x2f4 Drivers/STM32F1xx_HAL_Driver/Src/stm32f1xx_hal.o
 .debug_abbrev  0x000002f4      0x288 Drivers/STM32F1xx_HAL_Driver/Src/stm32f1xx_hal_adc.o
 .debug_abbrev  0x0000057c      0x2de Drivers/STM32F1xx_HAL_Driver/Src/stm32f1xx_hal_can.o
 .debug_abbrev  0x0000085a      0x3cd Drivers/STM32F1xx_HAL_Driver/Src/stm32f1xx_hal_cortex.o
 .debug_abbrev  0x00000c27      0x2e5 Drivers/STM32F1xx_HAL_Driver/Src/stm32f1xx_hal_dma.o
 .debug_abbrev  0x00000f0c      0x2a7 Drivers/STM32F1xx_HAL_Driver/Src/stm32f1xx_hal_gpio.o
 .debug_abbrev  0x000011b3      0x308 Drivers/STM32F1xx_HAL_Driver/Src/stm32f1xx_hal_i2c.o
 .debug_abbrev  0x000014bb      0x335 Drivers/STM32F1xx_HAL_Driver/Src/stm32f1xx_hal_rcc.o
 .debug_abbrev  0x000017f0      0x2b4 Drivers/STM32F1xx_HAL_Driver/Src/stm32f1xx_hal_rcc_ex.o
 .debug_abbrev  0x00001aa4      0x2ef Drivers/STM32F1xx_HAL_Driver/Src/stm32f1xx_hal_tim.o
 .debug_abbrev  0x00001d93      0x2e0 Drivers/STM32F1xx_HAL_Driver/Src/stm32f1xx_hal_tim_ex.o
 .debug_abbrev  0x00002073      0x308 Drivers/STM32F1xx_HAL_Driver/Src/stm32f1xx_hal_uart.o
 .debug_abbrev  0x0000237b      0x3d9 Src/main.o
 .debug_abbrev  0x00002754      0x2e5 Src/sd_hal_mpu6050.o
 .debug_abbrev  0x00002a39      0x2c4 Src/stm32f1xx_hal_msp.o
 .debug_abbrev  0x00002cfd      0x27f Src/stm32f1xx_it.o
 .debug_abbrev  0x00002f7c      0x228 Src/system_stm32f1xx.o
 .debug_abbrev  0x000031a4       0x12 startup/startup_stm32f103xb.o

.debug_loc      0x00000000     0xcb73
 .debug_loc     0x00000000       0xfd Drivers/STM32F1xx_HAL_Driver/Src/stm32f1xx_hal.o
 .debug_loc     0x000000fd      0x9fa Drivers/STM32F1xx_HAL_Driver/Src/stm32f1xx_hal_adc.o
 .debug_loc     0x00000af7      0xdce Drivers/STM32F1xx_HAL_Driver/Src/stm32f1xx_hal_can.o
 .debug_loc     0x000018c5      0x5ad Drivers/STM32F1xx_HAL_Driver/Src/stm32f1xx_hal_cortex.o
 .debug_loc     0x00001e72      0x7aa Drivers/STM32F1xx_HAL_Driver/Src/stm32f1xx_hal_dma.o
 .debug_loc     0x0000261c      0x44e Drivers/STM32F1xx_HAL_Driver/Src/stm32f1xx_hal_gpio.o
 .debug_loc     0x00002a6a     0x31db Drivers/STM32F1xx_HAL_Driver/Src/stm32f1xx_hal_i2c.o
 .debug_loc     0x00005c45      0x4f6 Drivers/STM32F1xx_HAL_Driver/Src/stm32f1xx_hal_rcc.o
 .debug_loc     0x0000613b      0x2d0 Drivers/STM32F1xx_HAL_Driver/Src/stm32f1xx_hal_rcc_ex.o
 .debug_loc     0x0000640b     0x367a Drivers/STM32F1xx_HAL_Driver/Src/stm32f1xx_hal_tim.o
 .debug_loc     0x00009a85      0xf9e Drivers/STM32F1xx_HAL_Driver/Src/stm32f1xx_hal_tim_ex.o
 .debug_loc     0x0000aa23     0x1529 Drivers/STM32F1xx_HAL_Driver/Src/stm32f1xx_hal_uart.o
 .debug_loc     0x0000bf4c      0x30f Src/main.o
 .debug_loc     0x0000c25b      0x665 Src/sd_hal_mpu6050.o
 .debug_loc     0x0000c8c0      0x1d4 Src/stm32f1xx_hal_msp.o
 .debug_loc     0x0000ca94       0xdf Src/system_stm32f1xx.o

.debug_aranges  0x00000000     0x1010
 .debug_aranges
                0x00000000       0xd0 Drivers/STM32F1xx_HAL_Driver/Src/stm32f1xx_hal.o
 .debug_aranges
                0x000000d0       0xf0 Drivers/STM32F1xx_HAL_Driver/Src/stm32f1xx_hal_adc.o
 .debug_aranges
                0x000001c0       0xb0 Drivers/STM32F1xx_HAL_Driver/Src/stm32f1xx_hal_can.o
 .debug_aranges
                0x00000270       0x90 Drivers/STM32F1xx_HAL_Driver/Src/stm32f1xx_hal_cortex.o
 .debug_aranges
                0x00000300       0x80 Drivers/STM32F1xx_HAL_Driver/Src/stm32f1xx_hal_dma.o
 .debug_aranges
                0x00000380       0x58 Drivers/STM32F1xx_HAL_Driver/Src/stm32f1xx_hal_gpio.o
 .debug_aranges
                0x000003d8      0x268 Drivers/STM32F1xx_HAL_Driver/Src/stm32f1xx_hal_i2c.o
 .debug_aranges
                0x00000640       0x90 Drivers/STM32F1xx_HAL_Driver/Src/stm32f1xx_hal_rcc.o
 .debug_aranges
                0x000006d0       0x30 Drivers/STM32F1xx_HAL_Driver/Src/stm32f1xx_hal_rcc_ex.o
 .debug_aranges
                0x00000700      0x368 Drivers/STM32F1xx_HAL_Driver/Src/stm32f1xx_hal_tim.o
 .debug_aranges
                0x00000a68      0x138 Drivers/STM32F1xx_HAL_Driver/Src/stm32f1xx_hal_tim_ex.o
 .debug_aranges
                0x00000ba0      0x1d0 Drivers/STM32F1xx_HAL_Driver/Src/stm32f1xx_hal_uart.o
 .debug_aranges
                0x00000d70       0xd0 Src/main.o
 .debug_aranges
                0x00000e40       0x78 Src/sd_hal_mpu6050.o
 .debug_aranges
                0x00000eb8       0x70 Src/stm32f1xx_hal_msp.o
 .debug_aranges
                0x00000f28       0x98 Src/stm32f1xx_it.o
 .debug_aranges
                0x00000fc0       0x28 Src/system_stm32f1xx.o
 .debug_aranges
                0x00000fe8       0x28 startup/startup_stm32f103xb.o

.debug_ranges   0x00000000      0xfa8
 .debug_ranges  0x00000000       0xc0 Drivers/STM32F1xx_HAL_Driver/Src/stm32f1xx_hal.o
 .debug_ranges  0x000000c0       0xe0 Drivers/STM32F1xx_HAL_Driver/Src/stm32f1xx_hal_adc.o
 .debug_ranges  0x000001a0       0xa0 Drivers/STM32F1xx_HAL_Driver/Src/stm32f1xx_hal_can.o
 .debug_ranges  0x00000240       0xe0 Drivers/STM32F1xx_HAL_Driver/Src/stm32f1xx_hal_cortex.o
 .debug_ranges  0x00000320       0x70 Drivers/STM32F1xx_HAL_Driver/Src/stm32f1xx_hal_dma.o
 .debug_ranges  0x00000390       0x48 Drivers/STM32F1xx_HAL_Driver/Src/stm32f1xx_hal_gpio.o
 .debug_ranges  0x000003d8      0x258 Drivers/STM32F1xx_HAL_Driver/Src/stm32f1xx_hal_i2c.o
 .debug_ranges  0x00000630       0xa0 Drivers/STM32F1xx_HAL_Driver/Src/stm32f1xx_hal_rcc.o
 .debug_ranges  0x000006d0       0x38 Drivers/STM32F1xx_HAL_Driver/Src/stm32f1xx_hal_rcc_ex.o
 .debug_ranges  0x00000708      0x358 Drivers/STM32F1xx_HAL_Driver/Src/stm32f1xx_hal_tim.o
 .debug_ranges  0x00000a60      0x128 Drivers/STM32F1xx_HAL_Driver/Src/stm32f1xx_hal_tim_ex.o
 .debug_ranges  0x00000b88      0x1c0 Drivers/STM32F1xx_HAL_Driver/Src/stm32f1xx_hal_uart.o
 .debug_ranges  0x00000d48       0xd8 Src/main.o
 .debug_ranges  0x00000e20       0x68 Src/sd_hal_mpu6050.o
 .debug_ranges  0x00000e88       0x60 Src/stm32f1xx_hal_msp.o
 .debug_ranges  0x00000ee8       0x88 Src/stm32f1xx_it.o
 .debug_ranges  0x00000f70       0x18 Src/system_stm32f1xx.o
 .debug_ranges  0x00000f88       0x20 startup/startup_stm32f103xb.o

.debug_macro    0x00000000    0x176c9
 .debug_macro   0x00000000      0x34e Drivers/STM32F1xx_HAL_Driver/Src/stm32f1xx_hal.o
 .debug_macro   0x0000034e      0xa60 Drivers/STM32F1xx_HAL_Driver/Src/stm32f1xx_hal.o
 .debug_macro   0x00000dae       0x10 Drivers/STM32F1xx_HAL_Driver/Src/stm32f1xx_hal.o
 .debug_macro   0x00000dbe      0x181 Drivers/STM32F1xx_HAL_Driver/Src/stm32f1xx_hal.o
 .debug_macro   0x00000f3f       0x2e Drivers/STM32F1xx_HAL_Driver/Src/stm32f1xx_hal.o
 .debug_macro   0x00000f6d       0x22 Drivers/STM32F1xx_HAL_Driver/Src/stm32f1xx_hal.o
 .debug_macro   0x00000f8f       0x22 Drivers/STM32F1xx_HAL_Driver/Src/stm32f1xx_hal.o
 .debug_macro   0x00000fb1       0x87 Drivers/STM32F1xx_HAL_Driver/Src/stm32f1xx_hal.o
 .debug_macro   0x00001038       0x51 Drivers/STM32F1xx_HAL_Driver/Src/stm32f1xx_hal.o
 .debug_macro   0x00001089       0xef Drivers/STM32F1xx_HAL_Driver/Src/stm32f1xx_hal.o
 .debug_macro   0x00001178       0x6a Drivers/STM32F1xx_HAL_Driver/Src/stm32f1xx_hal.o
 .debug_macro   0x000011e2      0x1df Drivers/STM32F1xx_HAL_Driver/Src/stm32f1xx_hal.o
 .debug_macro   0x000013c1       0x34 Drivers/STM32F1xx_HAL_Driver/Src/stm32f1xx_hal.o
 .debug_macro   0x000013f5       0x34 Drivers/STM32F1xx_HAL_Driver/Src/stm32f1xx_hal.o
 .debug_macro   0x00001429      0xb8e Drivers/STM32F1xx_HAL_Driver/Src/stm32f1xx_hal.o
 .debug_macro   0x00001fb7     0xe90a Drivers/STM32F1xx_HAL_Driver/Src/stm32f1xx_hal.o
 .debug_macro   0x000108c1       0x43 Drivers/STM32F1xx_HAL_Driver/Src/stm32f1xx_hal.o
 .debug_macro   0x00010904       0x58 Drivers/STM32F1xx_HAL_Driver/Src/stm32f1xx_hal.o
 .debug_macro   0x0001095c       0x17 Drivers/STM32F1xx_HAL_Driver/Src/stm32f1xx_hal.o
 .debug_macro   0x00010973       0x35 Drivers/STM32F1xx_HAL_Driver/Src/stm32f1xx_hal.o
 .debug_macro   0x000109a8       0x9c Drivers/STM32F1xx_HAL_Driver/Src/stm32f1xx_hal.o
 .debug_macro   0x00010a44       0x16 Drivers/STM32F1xx_HAL_Driver/Src/stm32f1xx_hal.o
 .debug_macro   0x00010a5a       0x97 Drivers/STM32F1xx_HAL_Driver/Src/stm32f1xx_hal.o
 .debug_macro   0x00010af1      0x330 Drivers/STM32F1xx_HAL_Driver/Src/stm32f1xx_hal.o
 .debug_macro   0x00010e21       0xfd Drivers/STM32F1xx_HAL_Driver/Src/stm32f1xx_hal.o
 .debug_macro   0x00010f1e       0x10 Drivers/STM32F1xx_HAL_Driver/Src/stm32f1xx_hal.o
 .debug_macro   0x00010f2e       0x58 Drivers/STM32F1xx_HAL_Driver/Src/stm32f1xx_hal.o
 .debug_macro   0x00010f86       0x1f Drivers/STM32F1xx_HAL_Driver/Src/stm32f1xx_hal.o
 .debug_macro   0x00010fa5       0x43 Drivers/STM32F1xx_HAL_Driver/Src/stm32f1xx_hal.o
 .debug_macro   0x00010fe8       0x20 Drivers/STM32F1xx_HAL_Driver/Src/stm32f1xx_hal.o
 .debug_macro   0x00011008      0x18e Drivers/STM32F1xx_HAL_Driver/Src/stm32f1xx_hal.o
 .debug_macro   0x00011196       0x10 Drivers/STM32F1xx_HAL_Driver/Src/stm32f1xx_hal.o
 .debug_macro   0x000111a6       0x1c Drivers/STM32F1xx_HAL_Driver/Src/stm32f1xx_hal.o
 .debug_macro   0x000111c2       0x52 Drivers/STM32F1xx_HAL_Driver/Src/stm32f1xx_hal.o
 .debug_macro   0x00011214       0x40 Drivers/STM32F1xx_HAL_Driver/Src/stm32f1xx_hal.o
 .debug_macro   0x00011254       0x10 Drivers/STM32F1xx_HAL_Driver/Src/stm32f1xx_hal.o
 .debug_macro   0x00011264       0x40 Drivers/STM32F1xx_HAL_Driver/Src/stm32f1xx_hal.o
 .debug_macro   0x000112a4       0xd7 Drivers/STM32F1xx_HAL_Driver/Src/stm32f1xx_hal.o
 .debug_macro   0x0001137b       0x1c Drivers/STM32F1xx_HAL_Driver/Src/stm32f1xx_hal.o
 .debug_macro   0x00011397       0x3d Drivers/STM32F1xx_HAL_Driver/Src/stm32f1xx_hal.o
 .debug_macro   0x000113d4       0x16 Drivers/STM32F1xx_HAL_Driver/Src/stm32f1xx_hal.o
 .debug_macro   0x000113ea      0x16f Drivers/STM32F1xx_HAL_Driver/Src/stm32f1xx_hal.o
 .debug_macro   0x00011559       0x50 Drivers/STM32F1xx_HAL_Driver/Src/stm32f1xx_hal.o
 .debug_macro   0x000115a9      0x5c2 Drivers/STM32F1xx_HAL_Driver/Src/stm32f1xx_hal.o
 .debug_macro   0x00011b6b      0x28a Drivers/STM32F1xx_HAL_Driver/Src/stm32f1xx_hal.o
 .debug_macro   0x00011df5      0x1cb Drivers/STM32F1xx_HAL_Driver/Src/stm32f1xx_hal.o
 .debug_macro   0x00011fc0      0x11e Drivers/STM32F1xx_HAL_Driver/Src/stm32f1xx_hal.o
 .debug_macro   0x000120de      0x1b3 Drivers/STM32F1xx_HAL_Driver/Src/stm32f1xx_hal.o
 .debug_macro   0x00012291       0x27 Drivers/STM32F1xx_HAL_Driver/Src/stm32f1xx_hal.o
 .debug_macro   0x000122b8      0x1bc Drivers/STM32F1xx_HAL_Driver/Src/stm32f1xx_hal.o
 .debug_macro   0x00012474       0x34 Drivers/STM32F1xx_HAL_Driver/Src/stm32f1xx_hal.o
 .debug_macro   0x000124a8       0x3c Drivers/STM32F1xx_HAL_Driver/Src/stm32f1xx_hal.o
 .debug_macro   0x000124e4      0x3a6 Drivers/STM32F1xx_HAL_Driver/Src/stm32f1xx_hal.o
 .debug_macro   0x0001288a       0x10 Drivers/STM32F1xx_HAL_Driver/Src/stm32f1xx_hal.o
 .debug_macro   0x0001289a       0x74 Drivers/STM32F1xx_HAL_Driver/Src/stm32f1xx_hal.o
 .debug_macro   0x0001290e       0x57 Drivers/STM32F1xx_HAL_Driver/Src/stm32f1xx_hal.o
 .debug_macro   0x00012965      0x46a Drivers/STM32F1xx_HAL_Driver/Src/stm32f1xx_hal.o
 .debug_macro   0x00012dcf      0x1b5 Drivers/STM32F1xx_HAL_Driver/Src/stm32f1xx_hal.o
 .debug_macro   0x00012f84       0x8c Drivers/STM32F1xx_HAL_Driver/Src/stm32f1xx_hal.o
 .debug_macro   0x00013010      0x242 Drivers/STM32F1xx_HAL_Driver/Src/stm32f1xx_hal.o
 .debug_macro   0x00013252      0x264 Drivers/STM32F1xx_HAL_Driver/Src/stm32f1xx_hal.o
 .debug_macro   0x000134b6      0x143 Drivers/STM32F1xx_HAL_Driver/Src/stm32f1xx_hal.o
 .debug_macro   0x000135f9      0x84c Drivers/STM32F1xx_HAL_Driver/Src/stm32f1xx_hal.o
 .debug_macro   0x00013e45       0x1f Drivers/STM32F1xx_HAL_Driver/Src/stm32f1xx_hal.o
 .debug_macro   0x00013e64      0x26b Drivers/STM32F1xx_HAL_Driver/Src/stm32f1xx_hal.o
 .debug_macro   0x000140cf       0x83 Drivers/STM32F1xx_HAL_Driver/Src/stm32f1xx_hal.o
 .debug_macro   0x00014152      0x347 Drivers/STM32F1xx_HAL_Driver/Src/stm32f1xx_hal_adc.o
 .debug_macro   0x00014499      0x331 Drivers/STM32F1xx_HAL_Driver/Src/stm32f1xx_hal_can.o
 .debug_macro   0x000147ca      0x32a Drivers/STM32F1xx_HAL_Driver/Src/stm32f1xx_hal_cortex.o
 .debug_macro   0x00014af4      0x32a Drivers/STM32F1xx_HAL_Driver/Src/stm32f1xx_hal_dma.o
 .debug_macro   0x00014e1e      0x39a Drivers/STM32F1xx_HAL_Driver/Src/stm32f1xx_hal_gpio.o
 .debug_macro   0x000151b8      0x36a Drivers/STM32F1xx_HAL_Driver/Src/stm32f1xx_hal_i2c.o
 .debug_macro   0x00015522      0x33c Drivers/STM32F1xx_HAL_Driver/Src/stm32f1xx_hal_rcc.o
 .debug_macro   0x0001585e      0x32a Drivers/STM32F1xx_HAL_Driver/Src/stm32f1xx_hal_rcc_ex.o
 .debug_macro   0x00015b88      0x32a Drivers/STM32F1xx_HAL_Driver/Src/stm32f1xx_hal_tim.o
 .debug_macro   0x00015eb2      0x32a Drivers/STM32F1xx_HAL_Driver/Src/stm32f1xx_hal_tim_ex.o
 .debug_macro   0x000161dc      0x32b Drivers/STM32F1xx_HAL_Driver/Src/stm32f1xx_hal_uart.o
 .debug_macro   0x00016507      0x379 Src/main.o
 .debug_macro   0x00016880       0x40 Src/main.o
 .debug_macro   0x000168c0      0x441 Src/sd_hal_mpu6050.o
 .debug_macro   0x00016d01       0x3a Src/sd_hal_mpu6050.o
 .debug_macro   0x00016d3b      0x32a Src/stm32f1xx_hal_msp.o
 .debug_macro   0x00017065      0x334 Src/stm32f1xx_it.o
 .debug_macro   0x00017399      0x330 Src/system_stm32f1xx.o

.debug_line     0x00000000     0xd67c
 .debug_line    0x00000000      0x997 Drivers/STM32F1xx_HAL_Driver/Src/stm32f1xx_hal.o
 .debug_line    0x00000997      0xd28 Drivers/STM32F1xx_HAL_Driver/Src/stm32f1xx_hal_adc.o
 .debug_line    0x000016bf      0xdab Drivers/STM32F1xx_HAL_Driver/Src/stm32f1xx_hal_can.o
 .debug_line    0x0000246a      0x9af Drivers/STM32F1xx_HAL_Driver/Src/stm32f1xx_hal_cortex.o
 .debug_line    0x00002e19      0xb62 Drivers/STM32F1xx_HAL_Driver/Src/stm32f1xx_hal_dma.o
 .debug_line    0x0000397b      0x994 Drivers/STM32F1xx_HAL_Driver/Src/stm32f1xx_hal_gpio.o
 .debug_line    0x0000430f     0x1a46 Drivers/STM32F1xx_HAL_Driver/Src/stm32f1xx_hal_i2c.o
 .debug_line    0x00005d55      0xab1 Drivers/STM32F1xx_HAL_Driver/Src/stm32f1xx_hal_rcc.o
 .debug_line    0x00006806      0x89d Drivers/STM32F1xx_HAL_Driver/Src/stm32f1xx_hal_rcc_ex.o
 .debug_line    0x000070a3     0x17ac Drivers/STM32F1xx_HAL_Driver/Src/stm32f1xx_hal_tim.o
 .debug_line    0x0000884f      0xd66 Drivers/STM32F1xx_HAL_Driver/Src/stm32f1xx_hal_tim_ex.o
 .debug_line    0x000095b5     0x10c8 Drivers/STM32F1xx_HAL_Driver/Src/stm32f1xx_hal_uart.o
 .debug_line    0x0000a67d      0xc00 Src/main.o
 .debug_line    0x0000b27d      0x975 Src/sd_hal_mpu6050.o
 .debug_line    0x0000bbf2      0x914 Src/stm32f1xx_hal_msp.o
 .debug_line    0x0000c506      0x8e5 Src/stm32f1xx_it.o
 .debug_line    0x0000cdeb      0x814 Src/system_stm32f1xx.o
 .debug_line    0x0000d5ff       0x7d startup/startup_stm32f103xb.o

.debug_str      0x00000000    0x7c650
 .debug_str     0x00000000    0x77604 Drivers/STM32F1xx_HAL_Driver/Src/stm32f1xx_hal.o
                              0x7799f (size before relaxing)
 .debug_str     0x00077604      0x6ad Drivers/STM32F1xx_HAL_Driver/Src/stm32f1xx_hal_adc.o
                              0x77946 (size before relaxing)
 .debug_str     0x00077cb1      0x521 Drivers/STM32F1xx_HAL_Driver/Src/stm32f1xx_hal_can.o
                              0x777f0 (size before relaxing)
 .debug_str     0x000781d2      0x2af Drivers/STM32F1xx_HAL_Driver/Src/stm32f1xx_hal_cortex.o
                              0x778f4 (size before relaxing)
 .debug_str     0x00078481      0x220 Drivers/STM32F1xx_HAL_Driver/Src/stm32f1xx_hal_dma.o
                              0x77658 (size before relaxing)
 .debug_str     0x000786a1      0x3a5 Drivers/STM32F1xx_HAL_Driver/Src/stm32f1xx_hal_gpio.o
                              0x7763b (size before relaxing)
 .debug_str     0x00078a46      0xcd8 Drivers/STM32F1xx_HAL_Driver/Src/stm32f1xx_hal_i2c.o
                              0x78174 (size before relaxing)
 .debug_str     0x0007971e      0x348 Drivers/STM32F1xx_HAL_Driver/Src/stm32f1xx_hal_rcc.o
                              0x77690 (size before relaxing)
 .debug_str     0x00079a66      0x110 Drivers/STM32F1xx_HAL_Driver/Src/stm32f1xx_hal_rcc_ex.o
                              0x7741c (size before relaxing)
 .debug_str     0x00079b76      0xf05 Drivers/STM32F1xx_HAL_Driver/Src/stm32f1xx_hal_tim.o
                              0x78390 (size before relaxing)
 .debug_str     0x0007aa7b      0x4f1 Drivers/STM32F1xx_HAL_Driver/Src/stm32f1xx_hal_tim_ex.o
                              0x77c32 (size before relaxing)
 .debug_str     0x0007af6c      0x6b9 Drivers/STM32F1xx_HAL_Driver/Src/stm32f1xx_hal_uart.o
                              0x77ba9 (size before relaxing)
 .debug_str     0x0007b625      0x759 Src/main.o
                              0x78e9b (size before relaxing)
 .debug_str     0x0007bd7e      0x6c2 Src/sd_hal_mpu6050.o
                              0x78103 (size before relaxing)
 .debug_str     0x0007c440       0x25 Src/stm32f1xx_hal_msp.o
                              0x782b8 (size before relaxing)
 .debug_str     0x0007c465      0x11f Src/stm32f1xx_it.o
                              0x77bf6 (size before relaxing)
 .debug_str     0x0007c584       0x69 Src/system_stm32f1xx.o
                              0x772e6 (size before relaxing)
 .debug_str     0x0007c5ed       0x63 startup/startup_stm32f103xb.o

.comment        0x00000000       0x7e
 .comment       0x00000000       0x7e Drivers/STM32F1xx_HAL_Driver/Src/stm32f1xx_hal.o
                                 0x7f (size before relaxing)
 .comment       0x0000007e       0x7f Drivers/STM32F1xx_HAL_Driver/Src/stm32f1xx_hal_adc.o
 .comment       0x0000007e       0x7f Drivers/STM32F1xx_HAL_Driver/Src/stm32f1xx_hal_can.o
 .comment       0x0000007e       0x7f Drivers/STM32F1xx_HAL_Driver/Src/stm32f1xx_hal_cortex.o
 .comment       0x0000007e       0x7f Drivers/STM32F1xx_HAL_Driver/Src/stm32f1xx_hal_dma.o
 .comment       0x0000007e       0x7f Drivers/STM32F1xx_HAL_Driver/Src/stm32f1xx_hal_gpio.o
 .comment       0x0000007e       0x7f Drivers/STM32F1xx_HAL_Driver/Src/stm32f1xx_hal_i2c.o
 .comment       0x0000007e       0x7f Drivers/STM32F1xx_HAL_Driver/Src/stm32f1xx_hal_rcc.o
 .comment       0x0000007e       0x7f Drivers/STM32F1xx_HAL_Driver/Src/stm32f1xx_hal_rcc_ex.o
 .comment       0x0000007e       0x7f Drivers/STM32F1xx_HAL_Driver/Src/stm32f1xx_hal_tim.o
 .comment       0x0000007e       0x7f Drivers/STM32F1xx_HAL_Driver/Src/stm32f1xx_hal_tim_ex.o
 .comment       0x0000007e       0x7f Drivers/STM32F1xx_HAL_Driver/Src/stm32f1xx_hal_uart.o
 .comment       0x0000007e       0x7f Src/main.o
 .comment       0x0000007e       0x7f Src/sd_hal_mpu6050.o
 .comment       0x0000007e       0x7f Src/stm32f1xx_hal_msp.o
 .comment       0x0000007e       0x7f Src/stm32f1xx_it.o
 .comment       0x0000007e       0x7f Src/system_stm32f1xx.o

.debug_frame    0x00000000     0x2ec0
 .debug_frame   0x00000000      0x1ac Drivers/STM32F1xx_HAL_Driver/Src/stm32f1xx_hal.o
 .debug_frame   0x000001ac      0x2c4 Drivers/STM32F1xx_HAL_Driver/Src/stm32f1xx_hal_adc.o
 .debug_frame   0x00000470      0x208 Drivers/STM32F1xx_HAL_Driver/Src/stm32f1xx_hal_can.o
 .debug_frame   0x00000678      0x12c Drivers/STM32F1xx_HAL_Driver/Src/stm32f1xx_hal_cortex.o
 .debug_frame   0x000007a4      0x148 Drivers/STM32F1xx_HAL_Driver/Src/stm32f1xx_hal_dma.o
 .debug_frame   0x000008ec       0xd4 Drivers/STM32F1xx_HAL_Driver/Src/stm32f1xx_hal_gpio.o
 .debug_frame   0x000009c0      0x87c Drivers/STM32F1xx_HAL_Driver/Src/stm32f1xx_hal_i2c.o
 .debug_frame   0x0000123c      0x174 Drivers/STM32F1xx_HAL_Driver/Src/stm32f1xx_hal_rcc.o
 .debug_frame   0x000013b0       0x6c Drivers/STM32F1xx_HAL_Driver/Src/stm32f1xx_hal_rcc_ex.o
 .debug_frame   0x0000141c      0x9e0 Drivers/STM32F1xx_HAL_Driver/Src/stm32f1xx_hal_tim.o
 .debug_frame   0x00001dfc      0x374 Drivers/STM32F1xx_HAL_Driver/Src/stm32f1xx_hal_tim_ex.o
 .debug_frame   0x00002170      0x4f0 Drivers/STM32F1xx_HAL_Driver/Src/stm32f1xx_hal_uart.o
 .debug_frame   0x00002660      0x28c Src/main.o
 .debug_frame   0x000028ec      0x1c0 Src/sd_hal_mpu6050.o
 .debug_frame   0x00002aac      0x148 Src/stm32f1xx_hal_msp.o
 .debug_frame   0x00002bf4      0x150 Src/stm32f1xx_it.o
 .debug_frame   0x00002d44       0x30 Src/system_stm32f1xx.o
 .debug_frame   0x00002d74       0xac c:/ac6/systemworkbench/plugins/fr.ac6.mcu.externaltools.arm-none.win32_1.16.0.201807130628/tools/compiler/bin/../lib/gcc/arm-none-eabi/7.2.1/thumb/v7-m\libgcc.a(_arm_addsubdf3.o)
 .debug_frame   0x00002e20       0x50 c:/ac6/systemworkbench/plugins/fr.ac6.mcu.externaltools.arm-none.win32_1.16.0.201807130628/tools/compiler/bin/../lib/gcc/arm-none-eabi/7.2.1/thumb/v7-m\libgcc.a(_arm_muldivdf3.o)
 .debug_frame   0x00002e70       0x24 c:/ac6/systemworkbench/plugins/fr.ac6.mcu.externaltools.arm-none.win32_1.16.0.201807130628/tools/compiler/bin/../lib/gcc/arm-none-eabi/7.2.1/thumb/v7-m\libgcc.a(_arm_truncdfsf2.o)
 .debug_frame   0x00002e94       0x2c c:/ac6/systemworkbench/plugins/fr.ac6.mcu.externaltools.arm-none.win32_1.16.0.201807130628/tools/compiler/bin/../lib/gcc/arm-none-eabi/7.2.1/../../../../arm-none-eabi/lib/thumb/v7-m\libc_nano.a(lib_a-init.o)
